// Jest Snapshot v1, https://goo.gl/fbAQLP

exports[`Page404 Should match snapshot 1`] = `
<p>
  404 page not found! ;-( 
</p>
`;
